http://intranet-if.insa-lyon.fr/temps/4IF14.html (2 hits)
http://intranet-if.insa-lyon.fr/temps/4IF18.html (2 hits)
