http://intranet-if.insa-lyon.fr/temps/precedent.gif (1 hits)
