http://intranet-if.insa-lyon.fr/temps/choix.imageTypeInconnu (1 hits)
