http://intranet-if.insa-lyon.fr/temps/choix.html (1 hits)
